2020-06-23 22:43:59.610 T:2990523248 WARNING: ActiveAE - large audio sync error: -89442.827167
2020-06-23 22:44:03.658 T:2990523248 WARNING: ActiveAE - large audio sync error: -89367.838939
2020-06-23 22:46:18.507 T:2990523248 WARNING: ActiveAE - large audio sync error: -89440.658556
2020-06-23 22:46:28.254 T:2476688240   ERROR: AddOnLog: InputStream Adaptive: Decrypt Sample returns failure!
2020-06-23 22:47:53.347 T:2990523248   ERROR: Previous line repeats 1 times.
2020-06-23 22:47:53.347 T:2990523248 WARNING: ActiveAE - large audio sync error: -89440.006237
2020-06-23 22:52:46.749 T:2990523248 WARNING: ActiveAE - large audio sync error: -89436.855115
2020-06-23 22:52:50.840 T:2990523248 WARNING: ActiveAE - large audio sync error: -89390.116025
2020-06-23 22:53:57.589 T:2990523248 WARNING: ActiveAE - large audio sync error: -89441.366132
2020-06-23 22:54:00.543 T:2990523248 WARNING: ActiveAE - large audio sync error: -89386.485309
2020-06-23 22:55:30.416 T:2476688240   ERROR: AddOnLog: InputStream Adaptive: Decrypt Sample returns failure!
2020-06-23 22:55:42.285 T:2990523248 WARNING: ActiveAE - large audio sync error: -89426.553803
2020-06-23 22:55:50.528 T:2476688240   ERROR: AddOnLog: InputStream Adaptive: Decrypt Sample returns failure!
2020-06-23 23:00:36.837 T:2990523248   ERROR: Previous line repeats 49 times.
2020-06-23 23:00:36.837 T:2990523248 WARNING: ActiveAE - large audio sync error: -89431.719401
2020-06-23 23:00:40.875 T:2990523248 WARNING: ActiveAE - large audio sync error: -89376.723586
2020-06-23 23:00:49.977 T:2990523248 WARNING: ActiveAE - large audio sync error: -89425.580621
2020-06-23 23:01:32.967 T:2476688240   ERROR: AddOnLog: InputStream Adaptive: Decrypt Sample returns failure!
2020-06-23 23:01:58.631 T:2990523248 WARNING: ActiveAE - large audio sync error: -89440.169329
2020-06-23 23:01:58.681 T:2990523248 WARNING: ActiveAE - large audio sync error: -89440.138255
2020-06-23 23:02:01.632 T:2990523248 WARNING: ActiveAE - large audio sync error: -89388.870120
2020-06-23 23:05:06.346 T:2476688240   ERROR: AddOnLog: InputStream Adaptive: Decrypt Sample returns failure!
2020-06-23 23:05:22.178 T:2990523248 WARNING: ActiveAE - large audio sync error: -89389.407553
2020-06-23 23:11:17.118 T:2990523248 WARNING: ActiveAE - large audio sync error: -89433.345752
2020-06-23 23:11:20.212 T:2990523248 WARNING: ActiveAE - large audio sync error: -89383.541308
2020-06-23 23:12:47.814 T:2990523248 WARNING: ActiveAE - large audio sync error: -89381.442087
2020-06-23 23:14:09.461 T:2990523248 WARNING: ActiveAE - large audio sync error: -89435.643802
2020-06-23 23:16:55.675 T:2476688240   ERROR: AddOnLog: InputStream Adaptive: Decrypt Sample returns failure!
2020-06-23 23:17:10.305 T:3011174416   ERROR: Previous line repeats 2 times.
2020-06-23 23:17:10.306 T:3011174416  NOTICE: CVideoPlayer::CloseFile()
2020-06-23 23:17:10.311 T:2476688240  NOTICE: CVideoPlayer::OnExit()
2020-06-23 23:17:10.312 T:2476688240  NOTICE: Closing stream player 1
2020-06-23 23:17:10.325 T:2476688240  NOTICE: Waiting for audio thread to exit
2020-06-23 23:17:10.357 T:2395968368  NOTICE: thread end: CVideoPlayerAudio::OnExit()
2020-06-23 23:17:10.357 T:2476688240  NOTICE: Closing audio device
2020-06-23 23:17:10.379 T:3011174416  NOTICE: VideoPlayer: waiting for threads to exit
2020-06-23 23:17:10.408 T:2476688240  NOTICE: Deleting audio codec
2020-06-23 23:17:10.408 T:2476688240  NOTICE: Closing stream player 2
2020-06-23 23:17:10.416 T:2476688240  NOTICE: waiting for video thread to exit
2020-06-23 23:17:10.438 T:2498753392  NOTICE: thread end: video_thread
2020-06-23 23:17:10.442 T:2476688240  NOTICE: deleting video codec
2020-06-23 23:17:10.466 T:3011174416  NOTICE: VideoPlayer: finished waiting
2020-06-23 23:17:10.466 T:3011174416  NOTICE: CVideoPlayer::CloseFile()
2020-06-23 23:17:10.466 T:3011174416  NOTICE: VideoPlayer: waiting for threads to exit
2020-06-23 23:17:10.466 T:3011174416  NOTICE: VideoPlayer: finished waiting
2020-06-23 23:17:11.046 T:2787066736   ERROR: EXCEPTION: Unknown addon id 'screensaver.video'.
2020-06-23 23:17:11.305 T:2673419120  NOTICE: AddOnLog: PVR IPTV Simple Client: LoadEPG EPG Loaded - 194 (ms)
2020-06-24 00:06:37.760 T:2820637552 WARNING: Repository add-on lanik.repo uses plain HTTP for add-on downloads in path http://kodi.lanik.org/_repo/ - this is insecure and will make your Kodi installation vulnerable to attacks if enabled!
2020-06-24 00:06:37.761 T:2820637552 WARNING: Repository add-on repository.kodi-czsk uses plain HTTP for add-on downloads in path http://kodi-czsk.github.io/repository/repo/ - this is insecure and will make your Kodi installation vulnerable to attacks if enabled!
2020-06-24 00:06:43.069 T:2429637488   ERROR: CAddonMgr: Failed to parse addons.xml.
2020-06-24 00:06:43.909 T:2429637488   ERROR: CCurlFile::Open failed with code 404 for https://raw.github.com/arvvoid/repository.arvvoid/master/addons.xml.md5:
2020-06-24 00:06:43.909 T:2429637488   ERROR: Open - failed to open source <https://raw.github.com/arvvoid/repository.arvvoid/master/addons.xml.md5>
2020-06-24 00:06:43.910 T:2429637488   ERROR: CRepository: failed read 'https://raw.github.com/arvvoid/repository.arvvoid/master/addons.xml.md5'
2020-06-24 00:06:43.961 T:2429637488 WARNING: Repository add-on lanik.repo uses plain HTTP for add-on downloads in path http://kodi.lanik.org/_repo/ - this is insecure and will make your Kodi installation vulnerable to attacks if enabled!
2020-06-24 00:06:43.961 T:2429637488 WARNING: Repository add-on repository.kodi-czsk uses plain HTTP for add-on downloads in path http://kodi-czsk.github.io/repository/repo/ - this is insecure and will make your Kodi installation vulnerable to attacks if enabled!
2020-06-24 00:06:43.990 T:2429637488 WARNING: Repository add-on lanik.repo uses plain HTTP for add-on downloads in path http://kodi.lanik.org/_repo/ - this is insecure and will make your Kodi installation vulnerable to attacks if enabled!
2020-06-24 00:06:43.990 T:2429637488 WARNING: Repository add-on repository.kodi-czsk uses plain HTTP for add-on downloads in path http://kodi-czsk.github.io/repository/repo/ - this is insecure and will make your Kodi installation vulnerable to attacks if enabled!
2020-06-24 00:06:44.014 T:2429637488 WARNING: Repository add-on lanik.repo uses plain HTTP for add-on downloads in path http://kodi.lanik.org/_repo/ - this is insecure and will make your Kodi installation vulnerable to attacks if enabled!
2020-06-24 00:06:44.015 T:2429637488 WARNING: Repository add-on repository.kodi-czsk uses plain HTTP for add-on downloads in path http://kodi-czsk.github.io/repository/repo/ - this is insecure and will make your Kodi installation vulnerable to attacks if enabled!
2020-06-24 00:06:44.020 T:2429637488 WARNING: Repository add-on lanik.repo uses plain HTTP for add-on downloads in path http://kodi.lanik.org/_repo/ - this is insecure and will make your Kodi installation vulnerable to attacks if enabled!
2020-06-24 00:06:44.020 T:2429637488 WARNING: Repository add-on repository.kodi-czsk uses plain HTTP for add-on downloads in path http://kodi-czsk.github.io/repository/repo/ - this is insecure and will make your Kodi installation vulnerable to attacks if enabled!
2020-06-24 01:22:12.201 T:2673419120  NOTICE: AddOnLog: PVR IPTV Simple Client: LoadEPG EPG Loaded - 244 (ms)
2020-06-24 03:27:13.158 T:2673419120  NOTICE: AddOnLog: PVR IPTV Simple Client: LoadEPG EPG Loaded - 247 (ms)
2020-06-24 05:32:14.158 T:2673419120  NOTICE: AddOnLog: PVR IPTV Simple Client: LoadEPG EPG Loaded - 244 (ms)
2020-06-24 05:43:56.601 T:2795459440  NOTICE: [plugin.video.sl] Next update 2020-06-24 17:43:56.601212
2020-06-24 05:43:56.602 T:2795459440  NOTICE: [plugin.video.sl] SL created
2020-06-24 05:43:57.356 T:2795459440  NOTICE: [plugin.video.sl] Updating playlist [55 channels]
2020-06-24 05:43:57.361 T:2795459440  NOTICE: [plugin.video.sl] Updating EPG [2 days from 2020-06-24 05:43:57.360790]
2020-06-24 07:37:15.157 T:2673419120  NOTICE: AddOnLog: PVR IPTV Simple Client: LoadEPG EPG Loaded - 249 (ms)
2020-06-24 07:51:00.827 T:3011174416   ERROR: Control 1000 in window 13001 has been asked to focus, but it can't
2020-06-24 07:53:34.473 T:3011174416  NOTICE: Log level changed to "LOG_LEVEL_DEBUG_FREEMEM"
2020-06-24 07:53:34.474 T:3011174416  NOTICE: Enabled debug logging due to GUI setting. Level 2.
2020-06-24 07:53:34.474 T:2982130544    INFO: CActiveAESink::OpenSink - initialize sink
2020-06-24 07:53:34.474 T:2982130544   DEBUG: CActiveAESink::OpenSink - trying to open device PI:HDMI
2020-06-24 07:53:34.474 T:2982130544   DEBUG: CAESinkPi:Initialize Format:15 Channels:2 Samplerate:44100 framesize:8 bufsize:17640 bytes/s=352800.00 dest=PI:HDMI
2020-06-24 07:53:34.475 T:3011174416   DEBUG: ------ Window Init () ------
2020-06-24 07:53:34.475 T:2982130544   DEBUG: CAESinkPi:SetAudioProps hdmi_stream_channels 0 hdmi_channel_map 00000008
2020-06-24 07:53:34.477 T:2982130544   DEBUG: COMXCoreComponent::Initialize OMX.broadcom.audio_render input port 100 output port 100 m_handle 0xb0003100
2020-06-24 07:53:34.480 T:2982130544   DEBUG: COMXCoreComponent::AllocInputBuffers component(OMX.broadcom.audio_render) - port(100), nBufferCountMin(1), nBufferCountActual(2), nBufferSize(17648), nBufferAlignment(16)
2020-06-24 07:53:34.481 T:2982130544   DEBUG: CActiveAESink::OpenSink - SinkPi Initialized:
2020-06-24 07:53:34.481 T:2982130544   DEBUG:   Output Device : HDMI
2020-06-24 07:53:34.481 T:2982130544   DEBUG:   Sample Rate   : 44100
2020-06-24 07:53:34.481 T:2982130544   DEBUG:   Sample Format : AE_FMT_FLOAT
2020-06-24 07:53:34.481 T:2982130544   DEBUG:   Channel Count : 2
2020-06-24 07:53:34.481 T:2982130544   DEBUG:   Channel Layout: FL, FR
2020-06-24 07:53:34.481 T:2982130544   DEBUG:   Frames        : 2205
2020-06-24 07:53:34.482 T:2982130544   DEBUG:   Frame Size    : 8
2020-06-24 07:53:34.539 T:2693972848   DEBUG: PushCecKeypress - received key  b duration 74
2020-06-24 07:53:37.060 T:2693972848   DEBUG: PushCecKeypress - received key a7 duration 0
2020-06-24 07:53:37.066 T:3011174416   DEBUG: HandleKey: 167 (0xa7, obc88) pressed, action is Down
2020-06-24 07:53:37.136 T:2693972848   DEBUG: PushCecKeypress - received key a7 duration 75
2020-06-24 07:53:38.167 T:2693972848   DEBUG: PushCecKeypress - received key  b duration 0
2020-06-24 07:53:38.167 T:3011174416   DEBUG: HandleKey: 11 (0x0b, obc244) pressed, action is Select
2020-06-24 07:53:38.242 T:2693972848   DEBUG: PushCecKeypress - received key  b duration 75
2020-06-24 07:53:39.646 T:2693972848   DEBUG: PushCecKeypress - received key  b duration 0
2020-06-24 07:53:39.648 T:3011174416   DEBUG: HandleKey: 11 (0x0b, obc244) pressed, action is Select
2020-06-24 07:53:39.721 T:2693972848   DEBUG: PushCecKeypress - received key  b duration 74
2020-06-24 07:53:41.863 T:2693972848   DEBUG: PushCecKeypress - received key d8 duration 0
2020-06-24 07:53:41.868 T:3011174416   DEBUG: HandleKey: menu (0xd8) pressed, action is PreviousMenu
2020-06-24 07:53:41.881 T:3011174416   DEBUG: CGUIWindowManager::PreviousWindow: Deactivate
2020-06-24 07:53:41.938 T:2693972848   DEBUG: PushCecKeypress - received key d8 duration 74
2020-06-24 07:53:42.110 T:3011174416   DEBUG: ------ Window Deinit (SettingsCategory.xml) ------
2020-06-24 07:53:42.110 T:3011174416   DEBUG: FreeVisualisation() done
2020-06-24 07:53:42.123 T:3011174416   DEBUG: CGUIWindowManager::PreviousWindow: Activate new
2020-06-24 07:53:42.124 T:3011174416   DEBUG: ------ Window Init (Settings.xml) ------
2020-06-24 07:53:42.129 T:2412753776   DEBUG: Thread JobWorker start, auto delete: true
2020-06-24 07:53:42.231 T:2412753776   DEBUG: DoWork - took 102 ms to load special://skin/backgrounds/settings.jpg
2020-06-24 07:53:43.193 T:2693972848   DEBUG: PushCecKeypress - received key d8 duration 0
2020-06-24 07:53:43.224 T:3011174416   DEBUG: HandleKey: menu (0xd8) pressed, action is PreviousMenu
2020-06-24 07:53:43.224 T:3011174416   DEBUG: CGUIWindowManager::PreviousWindow: Deactivate
2020-06-24 07:53:43.268 T:2693972848   DEBUG: PushCecKeypress - received key d8 duration 74
2020-06-24 07:53:43.469 T:3011174416   DEBUG: ------ Window Deinit (Settings.xml) ------
2020-06-24 07:53:43.469 T:3011174416   DEBUG: FreeVisualisation() done
2020-06-24 07:53:43.483 T:3011174416   DEBUG: CGUIWindowManager::PreviousWindow: Activate new
2020-06-24 07:53:43.483 T:3011174416   DEBUG: ------ Window Init (Home.xml) ------
2020-06-24 07:53:45.465 T:2693972848   DEBUG: PushCecKeypress - received key a9 duration 0
2020-06-24 07:53:45.471 T:3011174416   DEBUG: HandleKey: 169 (0xa9, obc86) pressed, action is Left
2020-06-24 07:53:45.743 T:2693972848   DEBUG: PushCecKeypress - received key a9 duration 0
2020-06-24 07:53:45.744 T:3011174416   DEBUG: HandleKey: 169 (0xa9, obc86) pressed, action is Left
2020-06-24 07:53:45.813 T:2693972848   DEBUG: PushCecKeypress - received key a9 duration 349
2020-06-24 07:53:46.596 T:2693972848   DEBUG: PushCecKeypress - received key a9 duration 0
2020-06-24 07:53:46.604 T:3011174416   DEBUG: HandleKey: 169 (0xa9, obc86) pressed, action is Left
2020-06-24 07:53:46.671 T:2693972848   DEBUG: PushCecKeypress - received key a9 duration 75
2020-06-24 07:53:47.023 T:2693972848   DEBUG: PushCecKeypress - received key a7 duration 0
2020-06-24 07:53:47.029 T:3011174416   DEBUG: HandleKey: 167 (0xa7, obc88) pressed, action is Down
2020-06-24 07:53:47.098 T:2693972848   DEBUG: PushCecKeypress - received key a7 duration 74
2020-06-24 07:53:47.395 T:2693972848   DEBUG: PushCecKeypress - received key a8 duration 0
2020-06-24 07:53:47.403 T:3011174416   DEBUG: HandleKey: 168 (0xa8, obc87) pressed, action is Right
2020-06-24 07:53:47.470 T:2693972848   DEBUG: PushCecKeypress - received key a8 duration 76
2020-06-24 07:53:47.722 T:2693972848   DEBUG: PushCecKeypress - received key  b duration 0
2020-06-24 07:53:47.729 T:3011174416   DEBUG: HandleKey: 11 (0x0b, obc244) pressed, action is Select
2020-06-24 07:53:47.729 T:3011174416   DEBUG: Activating window ID: 10025
2020-06-24 07:53:47.797 T:2693972848   DEBUG: PushCecKeypress - received key  b duration 74
2020-06-24 07:53:47.968 T:3011174416   DEBUG: ------ Window Deinit (Home.xml) ------
2020-06-24 07:53:47.969 T:3011174416   DEBUG: FreeVisualisation() done
2020-06-24 07:53:47.983 T:3011174416   DEBUG: ------ Window Init (MyVideoNav.xml) ------
2020-06-24 07:53:47.988 T:3011174416   DEBUG: CGUIMediaWindow::GetDirectory (addons://sources/video)
2020-06-24 07:53:47.988 T:3011174416   DEBUG:   ParentPath = [addons://sources/video]
2020-06-24 07:53:48.007 T:2332255088   DEBUG: Thread BackgroundLoader start, auto delete: false
2020-06-24 07:53:48.017 T:2332255088   DEBUG: Thread BackgroundLoader 2332255088 terminating
2020-06-24 07:53:48.028 T:2332255088   DEBUG: Thread JobWorker start, auto delete: true
2020-06-24 07:53:48.034 T:2332255088   DEBUG: ffmpeg[8B036370]: [swscaler] No accelerated colorspace conversion found from yuv420p to bgra.
2020-06-24 07:53:48.045 T:2412753776   DEBUG: ffmpeg[8FCFB370]: [swscaler] No accelerated colorspace conversion found from yuv420p to bgra.
2020-06-24 07:53:49.093 T:2693972848   DEBUG: PushCecKeypress - received key  b duration 0
2020-06-24 07:53:49.103 T:3011174416   DEBUG: HandleKey: 11 (0x0b, obc244) pressed, action is Select
2020-06-24 07:53:49.104 T:3011174416   DEBUG: CGUIMediaWindow::GetDirectory (plugin://plugin.video.netflix/)
2020-06-24 07:53:49.104 T:3011174416   DEBUG:   ParentPath = [addons://sources/video]
2020-06-24 07:53:49.106 T:2429637488   DEBUG: Thread waiting start, auto delete: false
2020-06-24 07:53:49.168 T:2693972848   DEBUG: PushCecKeypress - received key  b duration 75
2020-06-24 07:53:49.206 T:3011174416   DEBUG: ------ Window Init (DialogBusy.xml) ------
2020-06-24 07:53:49.705 T:2332255088   DEBUG: CAddonDatabase::SetLastUsed[plugin.video.netflix] took 601 ms
2020-06-24 07:53:49.705 T:2429637488   DEBUG: StartScript - calling plugin Netflix('plugin://plugin.video.netflix/','3','','resume:false')
2020-06-24 07:53:49.706 T:2421146480   DEBUG: Thread LanguageInvoker start, auto delete: false
2020-06-24 07:53:49.706 T:2421146480    INFO: initializing python engine.
2020-06-24 07:53:49.706 T:2421146480   DEBUG: CPythonInvoker(8, /storage/.kodi/addons/plugin.video.netflix/addon.py): start processing
2020-06-24 07:53:49.726 T:2421146480   DEBUG: -->Python Interpreter Initialized<--
2020-06-24 07:53:49.726 T:2421146480   DEBUG: CPythonInvoker(8, /storage/.kodi/addons/plugin.video.netflix/addon.py): the source file to load is "/storage/.kodi/addons/plugin.video.netflix/addon.py"
2020-06-24 07:53:49.727 T:2421146480   DEBUG: CPythonInvoker(8, /storage/.kodi/addons/plugin.video.netflix/addon.py): setting the Python path to /storage/.kodi/addons/plugin.video.netflix:/storage/.kodi/addons/script.module.addon.signals/lib:/storage/.kodi/addons/script.module.certifi/lib:/storage/.kodi/addons/script.module.chardet/lib:/storage/.kodi/addons/script.module.future/libs:/storage/.kodi/addons/script.module.idna/lib:/storage/.kodi/addons/script.module.inputstreamhelper/lib:/storage/.kodi/addons/script.module.requests/lib:/storage/.kodi/addons/script.module.urllib3/lib:/usr/share/kodi/addons/script.module.pycryptodome/lib:/usr/lib/python27.zip:/usr/lib/python2.7:/usr/lib/python2.7/plat-linux2:/usr/lib/python2.7/lib-tk:/usr/lib/python2.7/lib-old:/usr/lib/python2.7/lib-dynload:/usr/lib/python2.7/site-packages:/usr/lib/python2.7/site-packages/gtk-2.0
2020-06-24 07:53:49.728 T:2421146480   DEBUG: CPythonInvoker(8, /storage/.kodi/addons/plugin.video.netflix/addon.py): entering source directory /storage/.kodi/addons/plugin.video.netflix
2020-06-24 07:53:49.728 T:2421146480   DEBUG: CPythonInvoker(8, /storage/.kodi/addons/plugin.video.netflix/addon.py): instantiating addon using automatically obtained id of "plugin.video.netflix" dependent on version 2.26.0 of the xbmc.python api
2020-06-24 07:53:49.854 T:2421146480   DEBUG: CAddonSettings[plugin.video.netflix]: loading setting definitions
2020-06-24 07:53:49.854 T:2421146480   DEBUG: CAddonSettings[plugin.video.netflix]: trying to load setting definitions from old format...
2020-06-24 07:53:49.859 T:2421146480   DEBUG: CAddonSettings[plugin.video.netflix]: loading setting values
2020-06-24 07:53:49.861 T:2421146480   DEBUG: CSettingsManager: requested setting (highlight_mylist_titles) was not found.
2020-06-24 07:53:49.861 T:2421146480   DEBUG: CAddonSettings[plugin.video.netflix]: failed to find definition for setting highlight_mylist_titles. Creating a setting on-the-fly...
2020-06-24 07:53:49.861 T:2421146480   DEBUG: CSettingsManager: requested setting (menu_sortorder_movies) was not found.
2020-06-24 07:53:49.861 T:2421146480   DEBUG: CAddonSettings[plugin.video.netflix]: failed to find definition for setting menu_sortorder_movies. Creating a setting on-the-fly...
2020-06-24 07:53:49.861 T:2421146480   DEBUG: CSettingsManager: requested setting (menu_sortorder_tvshows) was not found.
2020-06-24 07:53:49.861 T:2421146480   DEBUG: CAddonSettings[plugin.video.netflix]: failed to find definition for setting menu_sortorder_tvshows. Creating a setting on-the-fly...
2020-06-24 07:53:49.862 T:2421146480   DEBUG: CSettingsManager: requested setting (show_menu_movies) was not found.
2020-06-24 07:53:49.862 T:2421146480   DEBUG: CAddonSettings[plugin.video.netflix]: failed to find definition for setting show_menu_movies. Creating a setting on-the-fly...
2020-06-24 07:53:49.862 T:2421146480   DEBUG: CSettingsManager: requested setting (show_menu_tvshows) was not found.
2020-06-24 07:53:49.862 T:2421146480   DEBUG: CAddonSettings[plugin.video.netflix]: failed to find definition for setting show_menu_tvshows. Creating a setting on-the-fly...
2020-06-24 07:53:51.351 T:2421146480    INFO: CPythonInvoker(8, /storage/.kodi/addons/plugin.video.netflix/addon.py): script successfully run
2020-06-24 07:53:51.351 T:2429637488   DEBUG: Thread waiting 2429637488 terminating
2020-06-24 07:53:51.363 T:3011174416   DEBUG: ------ Window Deinit (DialogBusy.xml) ------
2020-06-24 07:53:51.368 T:2429637488   DEBUG: Thread BackgroundLoader start, auto delete: false
2020-06-24 07:53:51.373 T:3011174416   DEBUG: [Warning] CGUITextureManager::GetTexturePath: could not find texture 'OverlayUnwatched.png'
2020-06-24 07:53:51.380 T:2429637488   DEBUG: Previous line repeats 1 times.
2020-06-24 07:53:51.381 T:2429637488   DEBUG: Thread BackgroundLoader 2429637488 terminating
2020-06-24 07:53:52.404 T:2693972848   DEBUG: PushCecKeypress - received key  b duration 0
2020-06-24 07:53:52.412 T:3011174416   DEBUG: HandleKey: 11 (0x0b, obc244) pressed, action is Select
2020-06-24 07:53:52.413 T:3011174416   DEBUG: Clearing cached fileitems [plugin://plugin.video.netflix/directory/home/?switch_profile_guid=4PU43MCWQJGCHHSGFFGFF3FVLQ]
2020-06-24 07:53:52.414 T:3011174416   DEBUG: CGUIMediaWindow::GetDirectory (plugin://plugin.video.netflix/directory/home/?switch_profile_guid=4PU43MCWQJGCHHSGFFGFF3FVLQ)
2020-06-24 07:53:52.414 T:3011174416   DEBUG:   ParentPath = [plugin://plugin.video.netflix/]
2020-06-24 07:53:52.416 T:2429637488   DEBUG: Thread waiting start, auto delete: false
2020-06-24 07:53:52.451 T:2412753776   DEBUG: CAddonDatabase::SetLastUsed[plugin.video.netflix] took 36 ms
2020-06-24 07:53:52.452 T:2429637488   DEBUG: StartScript - calling plugin Netflix('plugin://plugin.video.netflix/directory/home/','3','?switch_profile_guid=4PU43MCWQJGCHHSGFFGFF3FVLQ','resume:false')
2020-06-24 07:53:52.452 T:2429637488   DEBUG: GetLanguageInvoker - Reusing LanguageInvokerThread 8 for script /storage/.kodi/addons/plugin.video.netflix/addon.py
2020-06-24 07:53:52.452 T:2421146480    INFO: initializing python engine.
2020-06-24 07:53:52.452 T:2421146480   DEBUG: CPythonInvoker(8, /storage/.kodi/addons/plugin.video.netflix/addon.py): start processing
2020-06-24 07:53:52.453 T:2421146480   DEBUG: CPythonInvoker(8, /storage/.kodi/addons/plugin.video.netflix/addon.py): entering source directory /storage/.kodi/addons/plugin.video.netflix
2020-06-24 07:53:52.453 T:2421146480   DEBUG: CPythonInvoker(8, /storage/.kodi/addons/plugin.video.netflix/addon.py): instantiating addon using automatically obtained id of "plugin.video.netflix" dependent on version 2.26.0 of the xbmc.python api
2020-06-24 07:53:52.462 T:2421146480   DEBUG: CAddonSettings[plugin.video.netflix]: loading setting definitions
2020-06-24 07:53:52.463 T:2421146480   DEBUG: CAddonSettings[plugin.video.netflix]: trying to load setting definitions from old format...
2020-06-24 07:53:52.471 T:2421146480   DEBUG: CAddonSettings[plugin.video.netflix]: loading setting values
2020-06-24 07:53:52.475 T:2421146480   DEBUG: CSettingsManager: requested setting (highlight_mylist_titles) was not found.
2020-06-24 07:53:52.475 T:2421146480   DEBUG: CAddonSettings[plugin.video.netflix]: failed to find definition for setting highlight_mylist_titles. Creating a setting on-the-fly...
2020-06-24 07:53:52.475 T:2421146480   DEBUG: CSettingsManager: requested setting (menu_sortorder_movies) was not found.
2020-06-24 07:53:52.475 T:2421146480   DEBUG: CAddonSettings[plugin.video.netflix]: failed to find definition for setting menu_sortorder_movies. Creating a setting on-the-fly...
2020-06-24 07:53:52.476 T:2421146480   DEBUG: CSettingsManager: requested setting (menu_sortorder_tvshows) was not found.
2020-06-24 07:53:52.476 T:2421146480   DEBUG: CAddonSettings[plugin.video.netflix]: failed to find definition for setting menu_sortorder_tvshows. Creating a setting on-the-fly...
2020-06-24 07:53:52.476 T:2421146480   DEBUG: CSettingsManager: requested setting (show_menu_movies) was not found.
2020-06-24 07:53:52.476 T:2421146480   DEBUG: CAddonSettings[plugin.video.netflix]: failed to find definition for setting show_menu_movies. Creating a setting on-the-fly...
2020-06-24 07:53:52.476 T:2421146480   DEBUG: CSettingsManager: requested setting (show_menu_tvshows) was not found.
2020-06-24 07:53:52.476 T:2421146480   DEBUG: CAddonSettings[plugin.video.netflix]: failed to find definition for setting show_menu_tvshows. Creating a setting on-the-fly...
2020-06-24 07:53:52.479 T:2693972848   DEBUG: PushCecKeypress - received key  b duration 75
2020-06-24 07:53:52.516 T:3011174416   DEBUG: ------ Window Init (DialogBusy.xml) ------
2020-06-24 07:54:08.246 T:2421146480    INFO: CPythonInvoker(8, /storage/.kodi/addons/plugin.video.netflix/addon.py): script successfully run
2020-06-24 07:54:08.247 T:2429637488   DEBUG: Thread waiting 2429637488 terminating
2020-06-24 07:54:08.263 T:3011174416   DEBUG: ------ Window Deinit (DialogBusy.xml) ------
2020-06-24 07:54:08.263 T:3011174416   DEBUG: Saving fileitems [plugin://plugin.video.netflix/directory/home/?switch_profile_guid=4PU43MCWQJGCHHSGFFGFF3FVLQ]
2020-06-24 07:54:08.264 T:3011174416   DEBUG:   -- items: 14, sort method: 0, ascending: false
2020-06-24 07:54:08.268 T:2429637488   DEBUG: Thread BackgroundLoader start, auto delete: false
2020-06-24 07:54:08.281 T:2429637488   DEBUG: Thread BackgroundLoader 2429637488 terminating
2020-06-24 07:54:08.284 T:3011174416   DEBUG: [Warning] CGUITextureManager::GetTexturePath: could not find texture 'OverlayUnwatched.png'
2020-06-24 07:54:08.291 T:2412753776   DEBUG: Previous line repeats 13 times.
2020-06-24 07:54:08.291 T:2412753776   DEBUG: ffmpeg[8FCFB370]: [swscaler] No accelerated colorspace conversion found from yuv420p to bgra.
2020-06-24 07:54:08.293 T:2332255088   DEBUG: ffmpeg[8B036370]: [swscaler] No accelerated colorspace conversion found from yuv420p to bgra.
2020-06-24 07:54:09.756 T:2693972848   DEBUG: PushCecKeypress - received key  b duration 0
2020-06-24 07:54:09.763 T:3011174416   DEBUG: HandleKey: 11 (0x0b, obc244) pressed, action is Select
2020-06-24 07:54:09.764 T:3011174416   DEBUG: Clearing cached fileitems [plugin://plugin.video.netflix/directory/video_list_sorted/myList/queue/]
2020-06-24 07:54:09.766 T:3011174416   DEBUG: CGUIMediaWindow::GetDirectory (plugin://plugin.video.netflix/directory/video_list_sorted/myList/queue/)
2020-06-24 07:54:09.766 T:3011174416   DEBUG:   ParentPath = [plugin://plugin.video.netflix/directory/home/?switch_profile_guid=4PU43MCWQJGCHHSGFFGFF3FVLQ]
2020-06-24 07:54:09.767 T:2429637488   DEBUG: Thread waiting start, auto delete: false
2020-06-24 07:54:09.830 T:2693972848   DEBUG: PushCecKeypress - received key  b duration 74
2020-06-24 07:54:09.831 T:2412753776   DEBUG: CAddonDatabase::SetLastUsed[plugin.video.netflix] took 65 ms
2020-06-24 07:54:09.832 T:2429637488   DEBUG: StartScript - calling plugin Netflix('plugin://plugin.video.netflix/directory/video_list_sorted/myList/queue/','3','','resume:false')
2020-06-24 07:54:09.832 T:2429637488   DEBUG: GetLanguageInvoker - Reusing LanguageInvokerThread 8 for script /storage/.kodi/addons/plugin.video.netflix/addon.py
2020-06-24 07:54:09.832 T:2421146480    INFO: initializing python engine.
2020-06-24 07:54:09.832 T:2421146480   DEBUG: CPythonInvoker(8, /storage/.kodi/addons/plugin.video.netflix/addon.py): start processing
2020-06-24 07:54:09.832 T:2421146480   DEBUG: CPythonInvoker(8, /storage/.kodi/addons/plugin.video.netflix/addon.py): entering source directory /storage/.kodi/addons/plugin.video.netflix
2020-06-24 07:54:09.832 T:2421146480   DEBUG: CPythonInvoker(8, /storage/.kodi/addons/plugin.video.netflix/addon.py): instantiating addon using automatically obtained id of "plugin.video.netflix" dependent on version 2.26.0 of the xbmc.python api
2020-06-24 07:54:09.839 T:2421146480   DEBUG: CAddonSettings[plugin.video.netflix]: loading setting definitions
2020-06-24 07:54:09.839 T:2421146480   DEBUG: CAddonSettings[plugin.video.netflix]: trying to load setting definitions from old format...
2020-06-24 07:54:09.846 T:2421146480   DEBUG: CAddonSettings[plugin.video.netflix]: loading setting values
2020-06-24 07:54:09.849 T:2421146480   DEBUG: CSettingsManager: requested setting (highlight_mylist_titles) was not found.
2020-06-24 07:54:09.849 T:2421146480   DEBUG: CAddonSettings[plugin.video.netflix]: failed to find definition for setting highlight_mylist_titles. Creating a setting on-the-fly...
2020-06-24 07:54:09.849 T:2421146480   DEBUG: CSettingsManager: requested setting (menu_sortorder_movies) was not found.
2020-06-24 07:54:09.849 T:2421146480   DEBUG: CAddonSettings[plugin.video.netflix]: failed to find definition for setting menu_sortorder_movies. Creating a setting on-the-fly...
2020-06-24 07:54:09.849 T:2421146480   DEBUG: CSettingsManager: requested setting (menu_sortorder_tvshows) was not found.
2020-06-24 07:54:09.849 T:2421146480   DEBUG: CAddonSettings[plugin.video.netflix]: failed to find definition for setting menu_sortorder_tvshows. Creating a setting on-the-fly...
2020-06-24 07:54:09.849 T:2421146480   DEBUG: CSettingsManager: requested setting (show_menu_movies) was not found.
2020-06-24 07:54:09.850 T:2421146480   DEBUG: CAddonSettings[plugin.video.netflix]: failed to find definition for setting show_menu_movies. Creating a setting on-the-fly...
2020-06-24 07:54:09.850 T:2421146480   DEBUG: CSettingsManager: requested setting (show_menu_tvshows) was not found.
2020-06-24 07:54:09.850 T:2421146480   DEBUG: CAddonSettings[plugin.video.netflix]: failed to find definition for setting show_menu_tvshows. Creating a setting on-the-fly...
2020-06-24 07:54:09.867 T:3011174416   DEBUG: ------ Window Init (DialogBusy.xml) ------
2020-06-24 07:54:14.791 T:2421146480    INFO: CPythonInvoker(8, /storage/.kodi/addons/plugin.video.netflix/addon.py): script successfully run
2020-06-24 07:54:14.802 T:2429637488   DEBUG: Thread waiting 2429637488 terminating
2020-06-24 07:54:14.803 T:3011174416   DEBUG: ------ Window Deinit (DialogBusy.xml) ------
2020-06-24 07:54:14.803 T:3011174416   DEBUG: Saving fileitems [plugin://plugin.video.netflix/directory/video_list_sorted/myList/queue/]
2020-06-24 07:54:14.809 T:3011174416   DEBUG:   -- items: 97, sort method: 0, ascending: false
2020-06-24 07:54:14.836 T:2429637488   DEBUG: Thread BackgroundLoader start, auto delete: false
2020-06-24 07:54:14.853 T:3011174416   DEBUG: [Warning] CGUITextureManager::GetTexturePath: could not find texture 'OverlayUnwatched.png'
2020-06-24 07:54:14.858 T:2332255088   DEBUG: Previous line repeats 10 times.
2020-06-24 07:54:14.858 T:2332255088   DEBUG: ffmpeg[8B036370]: [swscaler] No accelerated colorspace conversion found from yuv420p to bgra.
2020-06-24 07:54:14.860 T:2429637488   DEBUG: Thread BackgroundLoader 2429637488 terminating
2020-06-24 07:54:14.864 T:2412753776   DEBUG: ffmpeg[8FCFB370]: [swscaler] No accelerated colorspace conversion found from yuv420p to bgra.
2020-06-24 07:54:19.660 T:2693972848   DEBUG: PushCecKeypress - received key d8 duration 0
2020-06-24 07:54:19.669 T:3011174416   DEBUG: HandleKey: menu (0xd8) pressed, action is Back
2020-06-24 07:54:19.669 T:3011174416   DEBUG: CGUIMediaWindow::GetDirectory (plugin://plugin.video.netflix/directory/home/?switch_profile_guid=4PU43MCWQJGCHHSGFFGFF3FVLQ)
2020-06-24 07:54:19.669 T:3011174416   DEBUG:   ParentPath = [plugin://plugin.video.netflix/]
2020-06-24 07:54:19.674 T:3011174416   DEBUG: Loading items: 14, directory: plugin://plugin.video.netflix/directory/home/?switch_profile_guid=4PU43MCWQJGCHHSGFFGFF3FVLQ sort method: 0, ascending: false
2020-06-24 07:54:19.735 T:2693972848   DEBUG: PushCecKeypress - received key d8 duration 75
2020-06-24 07:54:21.897 T:2332255088   DEBUG: CAddonDatabase::SetLastUsed[plugin.video.netflix] took 2227 ms
2020-06-24 07:54:21.903 T:2429637488   DEBUG: Thread BackgroundLoader start, auto delete: false
2020-06-24 07:54:21.915 T:2429637488   DEBUG: Thread BackgroundLoader 2429637488 terminating
2020-06-24 07:54:21.923 T:3011174416   DEBUG: [Warning] CGUITextureManager::GetTexturePath: could not find texture 'OverlayUnwatched.png'
2020-06-24 07:54:21.930 T:2332255088   DEBUG: Previous line repeats 13 times.
2020-06-24 07:54:21.930 T:2332255088   DEBUG: ffmpeg[8B036370]: [swscaler] No accelerated colorspace conversion found from yuv420p to bgra.
2020-06-24 07:54:21.939 T:2412753776   DEBUG: ffmpeg[8FCFB370]: [swscaler] No accelerated colorspace conversion found from yuv420p to bgra.
2020-06-24 07:54:22.911 T:2693972848   DEBUG: PushCecKeypress - received key a7 duration 0
2020-06-24 07:54:22.914 T:3011174416   DEBUG: HandleKey: 167 (0xa7, obc88) pressed, action is Down
2020-06-24 07:54:22.915 T:3011174416   DEBUG: [Warning] CGUITextureManager::GetTexturePath: could not find texture 'OverlayUnwatched.png'
2020-06-24 07:54:22.986 T:2693972848   DEBUG: Previous line repeats 1 times.
2020-06-24 07:54:22.986 T:2693972848   DEBUG: PushCecKeypress - received key a7 duration 74
2020-06-24 07:54:23.694 T:2693972848   DEBUG: PushCecKeypress - received key  b duration 0
2020-06-24 07:54:23.705 T:3011174416   DEBUG: HandleKey: 11 (0x0b, obc244) pressed, action is Select
2020-06-24 07:54:23.706 T:3011174416   DEBUG: CGUIMediaWindow::GetDirectory (plugin://plugin.video.netflix/directory/video_list_sorted/recentlyAdded/1592210/)
2020-06-24 07:54:23.706 T:3011174416   DEBUG:   ParentPath = [plugin://plugin.video.netflix/directory/home/?switch_profile_guid=4PU43MCWQJGCHHSGFFGFF3FVLQ]
2020-06-24 07:54:23.707 T:2429637488   DEBUG: Thread waiting start, auto delete: false
2020-06-24 07:54:23.741 T:2412753776   DEBUG: CAddonDatabase::SetLastUsed[plugin.video.netflix] took 34 ms
2020-06-24 07:54:23.742 T:2429637488   DEBUG: StartScript - calling plugin Netflix('plugin://plugin.video.netflix/directory/video_list_sorted/recentlyAdded/1592210/','3','','resume:false')
2020-06-24 07:54:23.742 T:2429637488   DEBUG: GetLanguageInvoker - Reusing LanguageInvokerThread 8 for script /storage/.kodi/addons/plugin.video.netflix/addon.py
2020-06-24 07:54:23.742 T:2421146480    INFO: initializing python engine.
2020-06-24 07:54:23.742 T:2421146480   DEBUG: CPythonInvoker(8, /storage/.kodi/addons/plugin.video.netflix/addon.py): start processing
2020-06-24 07:54:23.742 T:2421146480   DEBUG: CPythonInvoker(8, /storage/.kodi/addons/plugin.video.netflix/addon.py): entering source directory /storage/.kodi/addons/plugin.video.netflix
2020-06-24 07:54:23.742 T:2421146480   DEBUG: CPythonInvoker(8, /storage/.kodi/addons/plugin.video.netflix/addon.py): instantiating addon using automatically obtained id of "plugin.video.netflix" dependent on version 2.26.0 of the xbmc.python api
2020-06-24 07:54:23.750 T:2421146480   DEBUG: CAddonSettings[plugin.video.netflix]: loading setting definitions
2020-06-24 07:54:23.750 T:2421146480   DEBUG: CAddonSettings[plugin.video.netflix]: trying to load setting definitions from old format...
2020-06-24 07:54:23.759 T:2421146480   DEBUG: CAddonSettings[plugin.video.netflix]: loading setting values
2020-06-24 07:54:23.763 T:2421146480   DEBUG: CSettingsManager: requested setting (highlight_mylist_titles) was not found.
2020-06-24 07:54:23.764 T:2421146480   DEBUG: CAddonSettings[plugin.video.netflix]: failed to find definition for setting highlight_mylist_titles. Creating a setting on-the-fly...
2020-06-24 07:54:23.764 T:2421146480   DEBUG: CSettingsManager: requested setting (menu_sortorder_movies) was not found.
2020-06-24 07:54:23.764 T:2421146480   DEBUG: CAddonSettings[plugin.video.netflix]: failed to find definition for setting menu_sortorder_movies. Creating a setting on-the-fly...
2020-06-24 07:54:23.764 T:2421146480   DEBUG: CSettingsManager: requested setting (menu_sortorder_tvshows) was not found.
2020-06-24 07:54:23.764 T:2421146480   DEBUG: CAddonSettings[plugin.video.netflix]: failed to find definition for setting menu_sortorder_tvshows. Creating a setting on-the-fly...
2020-06-24 07:54:23.764 T:2421146480   DEBUG: CSettingsManager: requested setting (show_menu_movies) was not found.
2020-06-24 07:54:23.764 T:2421146480   DEBUG: CAddonSettings[plugin.video.netflix]: failed to find definition for setting show_menu_movies. Creating a setting on-the-fly...
2020-06-24 07:54:23.764 T:2421146480   DEBUG: CSettingsManager: requested setting (show_menu_tvshows) was not found.
2020-06-24 07:54:23.764 T:2421146480   DEBUG: CAddonSettings[plugin.video.netflix]: failed to find definition for setting show_menu_tvshows. Creating a setting on-the-fly...
2020-06-24 07:54:23.770 T:2693972848   DEBUG: PushCecKeypress - received key  b duration 75
2020-06-24 07:54:23.807 T:3011174416   DEBUG: ------ Window Init (DialogBusy.xml) ------
2020-06-24 07:54:29.213 T:2421146480    INFO: CPythonInvoker(8, /storage/.kodi/addons/plugin.video.netflix/addon.py): script successfully run
2020-06-24 07:54:29.231 T:2429637488   DEBUG: Thread waiting 2429637488 terminating
2020-06-24 07:54:29.242 T:3011174416   DEBUG: ------ Window Deinit (DialogBusy.xml) ------
2020-06-24 07:54:29.243 T:3011174416   DEBUG: Saving fileitems [plugin://plugin.video.netflix/directory/video_list_sorted/recentlyAdded/1592210/]
2020-06-24 07:54:29.249 T:3011174416   DEBUG:   -- items: 96, sort method: 0, ascending: false
2020-06-24 07:54:29.290 T:2429637488   DEBUG: Thread BackgroundLoader start, auto delete: false
2020-06-24 07:54:29.297 T:3011174416   DEBUG: [Warning] CGUITextureManager::GetTexturePath: could not find texture 'OverlayUnwatched.png'
2020-06-24 07:54:29.316 T:2429637488   DEBUG: Previous line repeats 12 times.
2020-06-24 07:54:29.316 T:2429637488   DEBUG: Thread BackgroundLoader 2429637488 terminating
2020-06-24 07:54:30.471 T:2693972848   DEBUG: PushCecKeypress - received key d8 duration 0
2020-06-24 07:54:30.475 T:3011174416   DEBUG: HandleKey: menu (0xd8) pressed, action is Back
2020-06-24 07:54:30.476 T:3011174416   DEBUG: CGUIMediaWindow::GetDirectory (plugin://plugin.video.netflix/directory/home/?switch_profile_guid=4PU43MCWQJGCHHSGFFGFF3FVLQ)
2020-06-24 07:54:30.476 T:3011174416   DEBUG:   ParentPath = [plugin://plugin.video.netflix/]
2020-06-24 07:54:30.480 T:3011174416   DEBUG: Loading items: 14, directory: plugin://plugin.video.netflix/directory/home/?switch_profile_guid=4PU43MCWQJGCHHSGFFGFF3FVLQ sort method: 0, ascending: false
2020-06-24 07:54:30.509 T:2332255088   DEBUG: CAddonDatabase::SetLastUsed[plugin.video.netflix] took 33 ms
2020-06-24 07:54:30.520 T:2429637488   DEBUG: Thread BackgroundLoader start, auto delete: false
2020-06-24 07:54:30.528 T:3011174416   DEBUG: [Warning] CGUITextureManager::GetTexturePath: could not find texture 'OverlayUnwatched.png'
2020-06-24 07:54:30.546 T:2693972848   DEBUG: Previous line repeats 13 times.
2020-06-24 07:54:30.547 T:2693972848   DEBUG: PushCecKeypress - received key d8 duration 76
2020-06-24 07:54:30.548 T:2429637488   DEBUG: Thread BackgroundLoader 2429637488 terminating
2020-06-24 07:54:31.146 T:2693972848   DEBUG: PushCecKeypress - received key a7 duration 0
2020-06-24 07:54:31.156 T:3011174416   DEBUG: HandleKey: 167 (0xa7, obc88) pressed, action is Down
2020-06-24 07:54:31.157 T:3011174416   DEBUG: [Warning] CGUITextureManager::GetTexturePath: could not find texture 'OverlayUnwatched.png'
2020-06-24 07:54:31.173 T:2412753776   DEBUG: Previous line repeats 1 times.
2020-06-24 07:54:31.173 T:2412753776   DEBUG: ffmpeg[8FCFB370]: [swscaler] No accelerated colorspace conversion found from yuv420p to bgra.
2020-06-24 07:54:31.182 T:2332255088   DEBUG: ffmpeg[8B036370]: [swscaler] No accelerated colorspace conversion found from yuv420p to bgra.
2020-06-24 07:54:31.221 T:2693972848   DEBUG: PushCecKeypress - received key a7 duration 76
2020-06-24 07:54:31.646 T:2693972848   DEBUG: PushCecKeypress - received key  b duration 0
2020-06-24 07:54:31.662 T:3011174416   DEBUG: HandleKey: 11 (0x0b, obc244) pressed, action is Select
2020-06-24 07:54:31.663 T:3011174416   DEBUG: CGUIMediaWindow::GetDirectory (plugin://plugin.video.netflix/directory/video_list_sorted/newRelease/newRelease/)
2020-06-24 07:54:31.663 T:3011174416   DEBUG:   ParentPath = [plugin://plugin.video.netflix/directory/home/?switch_profile_guid=4PU43MCWQJGCHHSGFFGFF3FVLQ]
2020-06-24 07:54:31.664 T:2429637488   DEBUG: Thread waiting start, auto delete: false
2020-06-24 07:54:31.721 T:2693972848   DEBUG: PushCecKeypress - received key  b duration 74
2020-06-24 07:54:31.723 T:2412753776   DEBUG: CAddonDatabase::SetLastUsed[plugin.video.netflix] took 59 ms
2020-06-24 07:54:31.723 T:2429637488   DEBUG: StartScript - calling plugin Netflix('plugin://plugin.video.netflix/directory/video_list_sorted/newRelease/newRelease/','3','','resume:false')
2020-06-24 07:54:31.723 T:2429637488   DEBUG: GetLanguageInvoker - Reusing LanguageInvokerThread 8 for script /storage/.kodi/addons/plugin.video.netflix/addon.py
2020-06-24 07:54:31.723 T:2421146480    INFO: initializing python engine.
2020-06-24 07:54:31.724 T:2421146480   DEBUG: CPythonInvoker(8, /storage/.kodi/addons/plugin.video.netflix/addon.py): start processing
2020-06-24 07:54:31.724 T:2421146480   DEBUG: CPythonInvoker(8, /storage/.kodi/addons/plugin.video.netflix/addon.py): entering source directory /storage/.kodi/addons/plugin.video.netflix
2020-06-24 07:54:31.724 T:2421146480   DEBUG: CPythonInvoker(8, /storage/.kodi/addons/plugin.video.netflix/addon.py): instantiating addon using automatically obtained id of "plugin.video.netflix" dependent on version 2.26.0 of the xbmc.python api
2020-06-24 07:54:31.728 T:2421146480   DEBUG: CAddonSettings[plugin.video.netflix]: loading setting definitions
2020-06-24 07:54:31.728 T:2421146480   DEBUG: CAddonSettings[plugin.video.netflix]: trying to load setting definitions from old format...
2020-06-24 07:54:31.732 T:2421146480   DEBUG: CAddonSettings[plugin.video.netflix]: loading setting values
2020-06-24 07:54:31.734 T:2421146480   DEBUG: CSettingsManager: requested setting (highlight_mylist_titles) was not found.
2020-06-24 07:54:31.734 T:2421146480   DEBUG: CAddonSettings[plugin.video.netflix]: failed to find definition for setting highlight_mylist_titles. Creating a setting on-the-fly...
2020-06-24 07:54:31.735 T:2421146480   DEBUG: CSettingsManager: requested setting (menu_sortorder_movies) was not found.
2020-06-24 07:54:31.735 T:2421146480   DEBUG: CAddonSettings[plugin.video.netflix]: failed to find definition for setting menu_sortorder_movies. Creating a setting on-the-fly...
2020-06-24 07:54:31.735 T:2421146480   DEBUG: CSettingsManager: requested setting (menu_sortorder_tvshows) was not found.
2020-06-24 07:54:31.735 T:2421146480   DEBUG: CAddonSettings[plugin.video.netflix]: failed to find definition for setting menu_sortorder_tvshows. Creating a setting on-the-fly...
2020-06-24 07:54:31.735 T:2421146480   DEBUG: CSettingsManager: requested setting (show_menu_movies) was not found.
2020-06-24 07:54:31.735 T:2421146480   DEBUG: CAddonSettings[plugin.video.netflix]: failed to find definition for setting show_menu_movies. Creating a setting on-the-fly...
2020-06-24 07:54:31.735 T:2421146480   DEBUG: CSettingsManager: requested setting (show_menu_tvshows) was not found.
2020-06-24 07:54:31.735 T:2421146480   DEBUG: CAddonSettings[plugin.video.netflix]: failed to find definition for setting show_menu_tvshows. Creating a setting on-the-fly...
2020-06-24 07:54:31.764 T:3011174416   DEBUG: ------ Window Init (DialogBusy.xml) ------
2020-06-24 07:54:52.331 T:2421146480   ERROR: [plugin.video.netflix (3)] Traceback (most recent call last):
                                              File "/storage/.kodi/addons/plugin.video.netflix/resources/lib/run_addon.py", line 207, in run
                                                route([part for part in g.PATH.split('/') if part])
                                              File "/storage/.kodi/addons/plugin.video.netflix/resources/lib/run_addon.py", line 38, in lazy_login_wrapper
                                                return func(*args, **kwargs)
                                              File "/storage/.kodi/addons/plugin.video.netflix/resources/lib/run_addon.py", line 72, in route
                                                _execute(nav_handler, pathitems[1:], g.REQUEST_PARAMS)
                                              File "/storage/.kodi/addons/plugin.video.netflix/resources/lib/run_addon.py", line 100, in _execute
                                                executor(pathitems=pathitems)
                                              File "/storage/.kodi/addons/plugin.video.netflix/resources/lib/common/logging.py", line 143, in timing_wrapper
                                                return func(*args, **kwargs)
                                              File "/storage/.kodi/addons/plugin.video.netflix/resources/lib/navigation/directory_utils.py", line 34, in set_custom_viewmode
                                                override_partial_setting_id = func(*args, **kwargs)
                                              File "/storage/.kodi/addons/plugin.video.netflix/resources/lib/navigation/directory.py", line 173, in video_list_sorted
                                                list_data, extra_data = common.make_call('get_video_list_sorted', call_args)
                                              File "/storage/.kodi/addons/plugin.video.netflix/resources/lib/common/logging.py", line 143, in timing_wrapper
                                                return func(*args, **kwargs)
                                              File "/storage/.kodi/addons/plugin.video.netflix/resources/lib/common/ipc.py", line 89, in make_call
                                                return make_addonsignals_call(callname, data)
                                              File "/storage/.kodi/addons/plugin.video.netflix/resources/lib/common/ipc.py", line 164, in make_addonsignals_call
                                                raise Exception('Addon Signals call timeout')
                                            Exception: Addon Signals call timeout
2020-06-24 07:54:52.343 T:3011174416   DEBUG: ------ Window Init (DialogConfirm.xml) ------
2020-06-24 07:54:53.573 T:2693972848   DEBUG: PushCecKeypress - received key  b duration 0
2020-06-24 07:54:53.582 T:3011174416   DEBUG: HandleKey: 11 (0x0b, obc244) pressed, action is Select
2020-06-24 07:54:53.648 T:2693972848   DEBUG: PushCecKeypress - received key  b duration 75
2020-06-24 07:54:53.786 T:3011174416   DEBUG: ------ Window Deinit (DialogConfirm.xml) ------
2020-06-24 07:54:53.802 T:2429637488   ERROR: GetDirectory - Error getting plugin://plugin.video.netflix/directory/video_list_sorted/newRelease/newRelease/
2020-06-24 07:54:53.802 T:2429637488   DEBUG: Thread waiting 2429637488 terminating
2020-06-24 07:54:53.803 T:2421146480    INFO: CPythonInvoker(8, /storage/.kodi/addons/plugin.video.netflix/addon.py): script successfully run
2020-06-24 07:54:53.822 T:3011174416   DEBUG: ------ Window Deinit (DialogBusy.xml) ------
2020-06-24 07:54:53.823 T:3011174416   ERROR: CGUIMediaWindow::GetDirectory(plugin://plugin.video.netflix/directory/video_list_sorted/newRelease/newRelease/) failed
2020-06-24 07:54:53.823 T:3011174416   DEBUG: CGUIMediaWindow::GetDirectory (plugin://plugin.video.netflix/directory/home/?switch_profile_guid=4PU43MCWQJGCHHSGFFGFF3FVLQ)
2020-06-24 07:54:53.823 T:3011174416   DEBUG:   ParentPath = [plugin://plugin.video.netflix/]
2020-06-24 07:54:53.825 T:3011174416   DEBUG: Loading items: 14, directory: plugin://plugin.video.netflix/directory/home/?switch_profile_guid=4PU43MCWQJGCHHSGFFGFF3FVLQ sort method: 0, ascending: false
2020-06-24 07:54:54.921 T:2332255088   DEBUG: CAddonDatabase::SetLastUsed[plugin.video.netflix] took 1098 ms
2020-06-24 07:54:54.926 T:2429637488   DEBUG: Thread BackgroundLoader start, auto delete: false
2020-06-24 07:54:54.936 T:3011174416   DEBUG: [Warning] CGUITextureManager::GetTexturePath: could not find texture 'OverlayUnwatched.png'
2020-06-24 07:54:54.937 T:2429637488   DEBUG: Previous line repeats 8 times.
2020-06-24 07:54:54.938 T:2429637488   DEBUG: Thread BackgroundLoader 2429637488 terminating
2020-06-24 07:54:54.938 T:3011174416   DEBUG: [Warning] CGUITextureManager::GetTexturePath: could not find texture 'OverlayUnwatched.png'
2020-06-24 07:54:55.750 T:2693972848   DEBUG: Previous line repeats 4 times.
2020-06-24 07:54:56.237 T:2693972848   DEBUG: PushCecKeypress - received key d8 duration 0
2020-06-24 07:54:56.237 T:2693972848   DEBUG: PushCecKeypress - received key d8 duration 75
2020-06-24 07:54:56.237 T:3011174416   DEBUG: HandleKey: menu (0xd8) pressed, action is Back
2020-06-24 07:54:56.237 T:3011174416   DEBUG: CGUIMediaWindow::GetDirectory (plugin://plugin.video.netflix/)
2020-06-24 07:54:56.237 T:3011174416   DEBUG:   ParentPath = [addons://sources/video]
2020-06-24 07:54:56.238 T:2429637488   DEBUG: Thread waiting start, auto delete: false
2020-06-24 07:54:56.338 T:3011174416   DEBUG: ------ Window Init (DialogBusy.xml) ------
2020-06-24 07:54:56.612 T:2693972848   DEBUG: PushCecKeypress - received key d8 duration 0
2020-06-24 07:54:56.663 T:3011174416   DEBUG: HandleKey: menu (0xd8) pressed, action is Back
2020-06-24 07:54:56.702 T:3011174416   DEBUG: ------ Window Deinit (DialogBusy.xml) ------
2020-06-24 07:54:56.702 T:3011174416   DEBUG: ------ Window Init (DialogBusy.xml) ------
2020-06-24 07:54:56.817 T:2693972848   DEBUG: PushCecKeypress - received key d8 duration 205
2020-06-24 07:54:57.793 T:2332255088   DEBUG: CAddonDatabase::SetLastUsed[plugin.video.netflix] took 1556 ms
2020-06-24 07:54:57.794 T:2429637488   DEBUG: StartScript - calling plugin Netflix('plugin://plugin.video.netflix/','3','','resume:false')
2020-06-24 07:54:57.794 T:2429637488   DEBUG: GetLanguageInvoker - Reusing LanguageInvokerThread 8 for script /storage/.kodi/addons/plugin.video.netflix/addon.py
2020-06-24 07:54:57.794 T:2421146480    INFO: initializing python engine.
2020-06-24 07:54:57.794 T:2421146480   DEBUG: CPythonInvoker(8, /storage/.kodi/addons/plugin.video.netflix/addon.py): start processing
2020-06-24 07:54:57.794 T:2421146480   DEBUG: CPythonInvoker(8, /storage/.kodi/addons/plugin.video.netflix/addon.py): entering source directory /storage/.kodi/addons/plugin.video.netflix
